---
source: src/tui/welcome.rs
expression: "snapshot(&render(&info(true), 40))"
---
[accent]⠀⠀⠀⠀⠀⠀⠀⠀⠀⠀⠀⠀⠀⠀⠀⠀⠀⡀⠀⡀⠀⠀⠀[/]
[accent]⠀⠀⠀⠀⠀⠀⠀⠀⠀⠀⠀⠀⠀⠀⠀⠀⢠⣰⣜⣽⣦⡄⣎[/]
[accent]⠀⡀⣦⡀⢀⠀⠀⠀⠀⠀⠀⠀⠀⠀⠀⠈⢦⣻⣿⣿⣿⣿⡇[/]
[accent]⡀⠹⡪⣿⣾⣷⣄⠀⠀⠀⠀⠀⠀⠀⠀⠐⢦⣝⣿⣿⣿⣿⠁[/]
[accent]⠘⠷⣾⣿⣿⣿⣿⣿⣦⡀⠀⠀⠀⠀⠀⢐⣿⣾⣿⣿⣿⠏⠀[/]
[accent]⠠⢥⣴⣾⣿⣿⣿⣿⣿⣿⣷⡄⠀⠀⢀⣲⣿⣿⣿⣿⠟⠀⠀[/]
[accent]⠀⠀⢂⣩⣵⢿⣿⣿⣿⣿⣿⣿⣄⢠⣾⣿⣿⣿⣯⣥⡀⠀⠀[/]
[accent]⠀⠀⠀⠠⠤⢿⣿⣿⣿⣿⣿⣿⣿⣿⣿⣿⣿⣿⣿⣿⣿⡀⠀[/]
[accent]⠀⠀⠀⠀⠀⠺⢯⣿⣿⢿⣿⣿⣿⣿⣿⣿⣿⣿⠃⠀⠱⠑⠀[/]
[accent]⠀⠀⠀⠀⠀⠀⠀⠀⢀⣴⣾⣿⣿⣿⣿⡿⠛⠁⠀⠀⠀⠀⠀[/]
[accent]⠀⠀⠀⠀⠀⠀⢀⣴⡿⣿⣿⡿⠻⣯⠀⠧⢀⣀⠀⠀⠀⠀⠀[/]
[accent]⠀⠀⠀⠀⠀⠀⠀⠉⠀⠈⠈⠀⠀⠀⣵⢦⠈⠿⠀⠀⠀⠀⠀[/]
[accent]⠀⠀⠀⠀⠀⠀⠀⠀⠀⠀⠀⠀⠀⠀⠙⠀⠀⠀⠀⠀⠀⠀⠀[/]

[accent+bold]crowbot[/][muted] v0.1.0[/]
[muted]~/src/proj[/]
crow-2[muted] · high · [/][mode_manual+bold]MANUAL[/]

[muted]/help lists commands[/]
[muted]Shift+Tab cycles MANUAL → AUTO → PLAN[/]
[muted]Enter sends · while working, Enter queu…[/]
[muted]Shift+Enter or Ctrl+J starts a new line[/]
[muted]Right-click copies a message[/]
